2026-07-08 18:30:29[main]INFO c.s.d.SpringbootRestApiEmployeeProjectApplication-Starting SpringbootRestApiEmployeeProjectApplication using Java 21.0.10 with PID 28440 (D:\DXC Training 2026\workspace\SpringBoot\springboot-rest-api-employee-project\target\classes started by Sujata in D:\DXC Training 2026\workspace\SpringBoot\springboot-rest-api-employee-project)
2026-07-08 18:30:29[main]INFO c.s.d.SpringbootRestApiEmployeeProjectApplication-No active profile set, falling back to 1 default profile: "default"
2026-07-08 18:30:30[main]INFO o.s.d.r.c.RepositoryConfigurationDelegate-Bootstrapping Spring Data JPA repositories in DEFAULT mode.
2026-07-08 18:30:31[main]INFO o.s.d.r.c.RepositoryConfigurationDelegate-Finished Spring Data repository scanning in 155 ms. Found 1 JPA repository interface.
2026-07-08 18:30:33[main]INFO o.s.boot.tomcat.TomcatWebServer-Tomcat initialized with port 8085 (http)
2026-07-08 18:30:33[main]INFO o.a.catalina.core.StandardService-Starting service [Tomcat]
2026-07-08 18:30:33[main]INFO o.a.catalina.core.StandardEngine-Starting Servlet engine: [Apache Tomcat/11.0.22]
2026-07-08 18:30:34[main]INFO o.s.b.w.c.s.WebApplicationContextInitializer-Root WebApplicationContext: initialization completed in 4663 ms
2026-07-08 18:30:34[main]INFO org.hibernate.orm.jpa-HHH008540: Processing PersistenceUnitInfo [name: default]
2026-07-08 18:30:34[main]INFO org.hibernate.orm.core-HHH000001: Hibernate ORM core version 7.4.1.Final
2026-07-08 18:30:37[main]INFO o.s.o.j.p.SpringPersistenceUnitInfo-No LoadTimeWeaver setup: ignoring JPA class transformer
2026-07-08 18:30:37[main]INFO com.zaxxer.hikari.HikariDataSource-HikariPool-1 - Starting...
2026-07-08 18:30:38[main]INFO com.zaxxer.hikari.pool.HikariPool-HikariPool-1 - Added connection oracle.jdbc.driver.T4CConnection@57167ccb
2026-07-08 18:30:38[main]INFO com.zaxxer.hikari.HikariDataSource-HikariPool-1 - Start completed.
2026-07-08 18:30:40[main]WARN org.hibernate.orm.core-HHH000511: The 10.2.0 version for [org.hibernate.dialect.OracleDialect] is no longer supported, hence certain features may not work properly.The minimum supported version is 19.0.0. Check the community dialects project for available legacy versions.
2026-07-08 18:30:40[main]WARN org.hibernate.orm.deprecation-HHH90000025: OracleDialect does not need to be specified explicitly using 'hibernate.dialect' (remove the property setting and it will be selected by default)
2026-07-08 18:30:40[main]WARN org.hibernate.orm.jdbc-HHH100123: Low default JDBC fetch size: 10 (consider setting 'hibernate.jdbc.fetch_size')
2026-07-08 18:30:40[main]INFO o.hibernate.orm.connections.pooling-HHH10001005: Database info:
	Database JDBC URL [jdbc:oracle:thin:@localhost:1521:XE]
	Database driver: Oracle JDBC driver
	Database dialect: OracleDialect
	Database version: 10.2
	Default catalog/schema: undefined/SYSTEM
	Autocommit mode: undefined/unknown
	Isolation level: READ_COMMITTED [default READ_COMMITTED]
	JDBC fetch size: 10
	Pool: DataSourceConnectionProvider
	Minimum pool size: undefined/unknown
	Maximum pool size: undefined/unknown
2026-07-08 18:30:43[main]INFO org.hibernate.orm.core-HHH000489: No JTA platform available (set 'hibernate.transaction.jta.platform' to enable JTA platform integration)
2026-07-08 18:30:44[main]INFO o.s.o.j.LocalContainerEntityManagerFactoryBean-Initialized JPA EntityManagerFactory for persistence unit 'default'
2026-07-08 18:30:45[main]INFO o.s.d.j.r.q.QueryEnhancerFactories-Hibernate is in classpath; If applicable, HQL parser will be used.
2026-07-08 18:30:48[main]WARN o.s.b.j.a.JpaBaseConfiguration$JpaWebConfiguration-spring.jpa.open-in-view is enabled by default. Therefore, database queries may be performed during view rendering. Explicitly configure spring.jpa.open-in-view to disable this warning
2026-07-08 18:30:50[main]INFO o.s.boot.tomcat.TomcatWebServer-Tomcat started on port 8085 (http) with context path '/'
2026-07-08 18:30:50[main]INFO c.s.d.SpringbootRestApiEmployeeProjectApplication-Started SpringbootRestApiEmployeeProjectApplication in 23.373 seconds (process running for 25.645)
2026-07-08 18:31:10[http-nio-8085-exec-3]INFO o.a.c.c.C.[Tomcat].[localhost].[/]-Initializing Spring DispatcherServlet 'dispatcherServlet'
2026-07-08 18:31:10[http-nio-8085-exec-3]INFO o.s.web.servlet.DispatcherServlet-Initializing Servlet 'dispatcherServlet'
2026-07-08 18:31:10[http-nio-8085-exec-3]INFO o.s.web.servlet.DispatcherServlet-Completed initialization in 3 ms
2026-07-08 18:31:10[http-nio-8085-exec-3]INFO c.sujata.service.EmployeeServiceImpl-Searching Employee with id 4 
2026-07-08 18:31:10[http-nio-8085-exec-3]INFO c.sujata.service.EmployeeServiceImpl-Employee found with id 4
2026-07-08 18:31:52[RMI TCP Connection(9)-127.0.0.1]INFO o.s.b.a.SpringApplicationAdminMXBeanRegistrar$SpringApplicationAdmin-Application shutdown requested.
2026-07-08 18:31:52[RMI TCP Connection(9)-127.0.0.1]INFO o.s.boot.tomcat.GracefulShutdown-Commencing graceful shutdown. Waiting for active requests to complete
2026-07-08 18:31:52[tomcat-shutdown]INFO o.s.boot.tomcat.GracefulShutdown-Graceful shutdown complete
2026-07-08 18:31:52[RMI TCP Connection(9)-127.0.0.1]INFO o.s.o.j.LocalContainerEntityManagerFactoryBean-Closing JPA EntityManagerFactory for persistence unit 'default'
2026-07-08 18:31:52[RMI TCP Connection(9)-127.0.0.1]INFO com.zaxxer.hikari.HikariDataSource-HikariPool-1 - Shutdown initiated...
2026-07-08 18:31:52[RMI TCP Connection(9)-127.0.0.1]INFO com.zaxxer.hikari.HikariDataSource-HikariPool-1 - Shutdown completed.
2026-07-08 18:43:11[main]INFO c.s.d.SpringbootRestApiEmployeeProjectApplication-Starting SpringbootRestApiEmployeeProjectApplication using Java 21.0.10 with PID 45628 (D:\DXC Training 2026\workspace\SpringBoot\springboot-rest-api-employee-project\target\classes started by Sujata in D:\DXC Training 2026\workspace\SpringBoot\springboot-rest-api-employee-project)
2026-07-08 18:43:11[main]INFO c.s.d.SpringbootRestApiEmployeeProjectApplication-No active profile set, falling back to 1 default profile: "default"
2026-07-08 18:43:12[main]INFO o.s.d.r.c.RepositoryConfigurationDelegate-Bootstrapping Spring Data JPA repositories in DEFAULT mode.
2026-07-08 18:43:12[main]INFO o.s.d.r.c.RepositoryConfigurationDelegate-Finished Spring Data repository scanning in 77 ms. Found 1 JPA repository interface.
2026-07-08 18:43:15[main]INFO o.s.boot.tomcat.TomcatWebServer-Tomcat initialized with port 8085 (http)
2026-07-08 18:43:15[main]INFO o.a.catalina.core.StandardService-Starting service [Tomcat]
2026-07-08 18:43:15[main]INFO o.a.catalina.core.StandardEngine-Starting Servlet engine: [Apache Tomcat/11.0.22]
2026-07-08 18:43:15[main]INFO o.s.b.w.c.s.WebApplicationContextInitializer-Root WebApplicationContext: initialization completed in 4249 ms
2026-07-08 18:43:16[main]INFO org.hibernate.orm.jpa-HHH008540: Processing PersistenceUnitInfo [name: default]
2026-07-08 18:43:16[main]INFO org.hibernate.orm.core-HHH000001: Hibernate ORM core version 7.4.1.Final
2026-07-08 18:43:17[main]INFO o.s.o.j.p.SpringPersistenceUnitInfo-No LoadTimeWeaver setup: ignoring JPA class transformer
2026-07-08 18:43:17[main]INFO com.zaxxer.hikari.HikariDataSource-HikariPool-1 - Starting...
2026-07-08 18:43:18[main]INFO com.zaxxer.hikari.pool.HikariPool-HikariPool-1 - Added connection oracle.jdbc.driver.T4CConnection@6b32b678
2026-07-08 18:43:18[main]INFO com.zaxxer.hikari.HikariDataSource-HikariPool-1 - Start completed.
2026-07-08 18:43:19[main]WARN org.hibernate.orm.core-HHH000511: The 10.2.0 version for [org.hibernate.dialect.OracleDialect] is no longer supported, hence certain features may not work properly.The minimum supported version is 19.0.0. Check the community dialects project for available legacy versions.
2026-07-08 18:43:19[main]WARN org.hibernate.orm.deprecation-HHH90000025: OracleDialect does not need to be specified explicitly using 'hibernate.dialect' (remove the property setting and it will be selected by default)
2026-07-08 18:43:19[main]WARN org.hibernate.orm.jdbc-HHH100123: Low default JDBC fetch size: 10 (consider setting 'hibernate.jdbc.fetch_size')
2026-07-08 18:43:19[main]INFO o.hibernate.orm.connections.pooling-HHH10001005: Database info:
	Database JDBC URL [jdbc:oracle:thin:@localhost:1521:XE]
	Database driver: Oracle JDBC driver
	Database dialect: OracleDialect
	Database version: 10.2
	Default catalog/schema: undefined/SYSTEM
	Autocommit mode: undefined/unknown
	Isolation level: READ_COMMITTED [default READ_COMMITTED]
	JDBC fetch size: 10
	Pool: DataSourceConnectionProvider
	Minimum pool size: undefined/unknown
	Maximum pool size: undefined/unknown
2026-07-08 18:43:21[main]INFO org.hibernate.orm.core-HHH000489: No JTA platform available (set 'hibernate.transaction.jta.platform' to enable JTA platform integration)
2026-07-08 18:43:22[main]INFO o.s.o.j.LocalContainerEntityManagerFactoryBean-Initialized JPA EntityManagerFactory for persistence unit 'default'
2026-07-08 18:43:22[main]INFO o.s.d.j.r.q.QueryEnhancerFactories-Hibernate is in classpath; If applicable, HQL parser will be used.
2026-07-08 18:43:24[main]WARN o.s.b.j.a.JpaBaseConfiguration$JpaWebConfiguration-spring.jpa.open-in-view is enabled by default. Therefore, database queries may be performed during view rendering. Explicitly configure spring.jpa.open-in-view to disable this warning
2026-07-08 18:43:26[main]INFO o.s.b.a.e.web.EndpointLinksResolver-Exposing 1 endpoint beneath base path '/actuator'
2026-07-08 18:43:26[main]INFO o.s.boot.tomcat.TomcatWebServer-Tomcat started on port 8085 (http) with context path '/'
2026-07-08 18:43:26[main]INFO c.s.d.SpringbootRestApiEmployeeProjectApplication-Started SpringbootRestApiEmployeeProjectApplication in 16.582 seconds (process running for 18.351)
2026-07-08 18:43:27[RMI TCP Connection(9)-127.0.0.1]INFO o.a.c.c.C.[Tomcat].[localhost].[/]-Initializing Spring DispatcherServlet 'dispatcherServlet'
2026-07-08 18:43:27[RMI TCP Connection(9)-127.0.0.1]INFO o.s.web.servlet.DispatcherServlet-Initializing Servlet 'dispatcherServlet'
2026-07-08 18:43:27[RMI TCP Connection(9)-127.0.0.1]INFO o.s.web.servlet.DispatcherServlet-Completed initialization in 8 ms
2026-07-08 18:46:32[RMI TCP Connection(15)-127.0.0.1]INFO o.s.b.a.SpringApplicationAdminMXBeanRegistrar$SpringApplicationAdmin-Application shutdown requested.
2026-07-08 18:46:32[RMI TCP Connection(15)-127.0.0.1]INFO o.s.boot.tomcat.GracefulShutdown-Commencing graceful shutdown. Waiting for active requests to complete
2026-07-08 18:46:32[tomcat-shutdown]INFO o.s.boot.tomcat.GracefulShutdown-Graceful shutdown complete
2026-07-08 18:46:32[RMI TCP Connection(15)-127.0.0.1]INFO o.s.o.j.LocalContainerEntityManagerFactoryBean-Closing JPA EntityManagerFactory for persistence unit 'default'
2026-07-08 18:46:32[RMI TCP Connection(15)-127.0.0.1]INFO com.zaxxer.hikari.HikariDataSource-HikariPool-1 - Shutdown initiated...
2026-07-08 18:46:32[RMI TCP Connection(15)-127.0.0.1]INFO com.zaxxer.hikari.HikariDataSource-HikariPool-1 - Shutdown completed.
2026-07-08 18:47:10[main]INFO c.s.d.SpringbootRestApiEmployeeProjectApplication-Starting SpringbootRestApiEmployeeProjectApplication using Java 21.0.10 with PID 23332 (D:\DXC Training 2026\workspace\SpringBoot\springboot-rest-api-employee-project\target\classes started by Sujata in D:\DXC Training 2026\workspace\SpringBoot\springboot-rest-api-employee-project)
2026-07-08 18:47:10[main]INFO c.s.d.SpringbootRestApiEmployeeProjectApplication-No active profile set, falling back to 1 default profile: "default"
2026-07-08 18:47:12[main]INFO o.s.d.r.c.RepositoryConfigurationDelegate-Bootstrapping Spring Data JPA repositories in DEFAULT mode.
2026-07-08 18:47:12[main]INFO o.s.d.r.c.RepositoryConfigurationDelegate-Finished Spring Data repository scanning in 105 ms. Found 1 JPA repository interface.
2026-07-08 18:47:15[main]INFO o.s.boot.tomcat.TomcatWebServer-Tomcat initialized with port 8085 (http)
2026-07-08 18:47:15[main]INFO o.a.catalina.core.StandardService-Starting service [Tomcat]
2026-07-08 18:47:15[main]INFO o.a.catalina.core.StandardEngine-Starting Servlet engine: [Apache Tomcat/11.0.22]
2026-07-08 18:47:15[main]INFO o.s.b.w.c.s.WebApplicationContextInitializer-Root WebApplicationContext: initialization completed in 5004 ms
2026-07-08 18:47:16[main]INFO org.hibernate.orm.jpa-HHH008540: Processing PersistenceUnitInfo [name: default]
2026-07-08 18:47:16[main]INFO org.hibernate.orm.core-HHH000001: Hibernate ORM core version 7.4.1.Final
2026-07-08 18:47:17[main]INFO o.s.o.j.p.SpringPersistenceUnitInfo-No LoadTimeWeaver setup: ignoring JPA class transformer
2026-07-08 18:47:17[main]INFO com.zaxxer.hikari.HikariDataSource-HikariPool-1 - Starting...
2026-07-08 18:47:18[main]INFO com.zaxxer.hikari.pool.HikariPool-HikariPool-1 - Added connection oracle.jdbc.driver.T4CConnection@5b324447
2026-07-08 18:47:18[main]INFO com.zaxxer.hikari.HikariDataSource-HikariPool-1 - Start completed.
2026-07-08 18:47:19[main]WARN org.hibernate.orm.core-HHH000511: The 10.2.0 version for [org.hibernate.dialect.OracleDialect] is no longer supported, hence certain features may not work properly.The minimum supported version is 19.0.0. Check the community dialects project for available legacy versions.
2026-07-08 18:47:19[main]WARN org.hibernate.orm.deprecation-HHH90000025: OracleDialect does not need to be specified explicitly using 'hibernate.dialect' (remove the property setting and it will be selected by default)
2026-07-08 18:47:19[main]WARN org.hibernate.orm.jdbc-HHH100123: Low default JDBC fetch size: 10 (consider setting 'hibernate.jdbc.fetch_size')
2026-07-08 18:47:19[main]INFO o.hibernate.orm.connections.pooling-HHH10001005: Database info:
	Database JDBC URL [jdbc:oracle:thin:@localhost:1521:XE]
	Database driver: Oracle JDBC driver
	Database dialect: OracleDialect
	Database version: 10.2
	Default catalog/schema: undefined/SYSTEM
	Autocommit mode: undefined/unknown
	Isolation level: READ_COMMITTED [default READ_COMMITTED]
	JDBC fetch size: 10
	Pool: DataSourceConnectionProvider
	Minimum pool size: undefined/unknown
	Maximum pool size: undefined/unknown
2026-07-08 18:47:21[main]INFO org.hibernate.orm.core-HHH000489: No JTA platform available (set 'hibernate.transaction.jta.platform' to enable JTA platform integration)
2026-07-08 18:47:22[main]INFO o.s.o.j.LocalContainerEntityManagerFactoryBean-Initialized JPA EntityManagerFactory for persistence unit 'default'
2026-07-08 18:47:22[main]INFO o.s.d.j.r.q.QueryEnhancerFactories-Hibernate is in classpath; If applicable, HQL parser will be used.
2026-07-08 18:47:24[main]WARN o.s.b.j.a.JpaBaseConfiguration$JpaWebConfiguration-spring.jpa.open-in-view is enabled by default. Therefore, database queries may be performed during view rendering. Explicitly configure spring.jpa.open-in-view to disable this warning
2026-07-08 18:47:25[main]INFO o.s.b.a.e.web.EndpointLinksResolver-Exposing 12 endpoints beneath base path '/actuator'
2026-07-08 18:47:26[main]INFO o.s.boot.tomcat.TomcatWebServer-Tomcat started on port 8085 (http) with context path '/'
2026-07-08 18:47:26[main]INFO c.s.d.SpringbootRestApiEmployeeProjectApplication-Started SpringbootRestApiEmployeeProjectApplication in 17.408 seconds (process running for 19.275)
2026-07-08 18:47:27[RMI TCP Connection(6)-127.0.0.1]INFO o.a.c.c.C.[Tomcat].[localhost].[/]-Initializing Spring DispatcherServlet 'dispatcherServlet'
2026-07-08 18:47:27[RMI TCP Connection(6)-127.0.0.1]INFO o.s.web.servlet.DispatcherServlet-Initializing Servlet 'dispatcherServlet'
2026-07-08 18:47:27[RMI TCP Connection(6)-127.0.0.1]INFO o.s.web.servlet.DispatcherServlet-Completed initialization in 4 ms
2026-07-08 18:52:13[HikariPool-1:housekeeper]WARN com.zaxxer.hikari.pool.HikariPool-HikariPool-1 - Thread starvation or clock leap detected (housekeeper delta=1m29s321ms814µs400ns).
2026-07-08 19:00:35[RMI TCP Connection(23)-127.0.0.1]INFO o.s.b.a.SpringApplicationAdminMXBeanRegistrar$SpringApplicationAdmin-Application shutdown requested.
2026-07-08 19:00:35[RMI TCP Connection(23)-127.0.0.1]INFO o.s.boot.tomcat.GracefulShutdown-Commencing graceful shutdown. Waiting for active requests to complete
2026-07-08 19:00:35[tomcat-shutdown]INFO o.s.boot.tomcat.GracefulShutdown-Graceful shutdown complete
2026-07-08 19:00:35[RMI TCP Connection(23)-127.0.0.1]INFO o.s.o.j.LocalContainerEntityManagerFactoryBean-Closing JPA EntityManagerFactory for persistence unit 'default'
2026-07-08 19:00:35[RMI TCP Connection(23)-127.0.0.1]INFO com.zaxxer.hikari.HikariDataSource-HikariPool-1 - Shutdown initiated...
2026-07-08 19:00:35[RMI TCP Connection(23)-127.0.0.1]INFO com.zaxxer.hikari.HikariDataSource-HikariPool-1 - Shutdown completed.
2026-07-08 19:01:32[main]INFO c.s.d.SpringbootRestApiEmployeeProjectApplication-Starting SpringbootRestApiEmployeeProjectApplication using Java 21.0.10 with PID 11832 (D:\DXC Training 2026\workspace\SpringBoot\springboot-rest-api-employee-project\target\classes started by Sujata in D:\DXC Training 2026\workspace\SpringBoot\springboot-rest-api-employee-project)
2026-07-08 19:01:32[main]INFO c.s.d.SpringbootRestApiEmployeeProjectApplication-No active profile set, falling back to 1 default profile: "default"
2026-07-08 19:01:34[main]INFO o.s.d.r.c.RepositoryConfigurationDelegate-Bootstrapping Spring Data JPA repositories in DEFAULT mode.
2026-07-08 19:01:34[main]INFO o.s.d.r.c.RepositoryConfigurationDelegate-Finished Spring Data repository scanning in 65 ms. Found 1 JPA repository interface.
2026-07-08 19:01:36[main]INFO o.s.boot.tomcat.TomcatWebServer-Tomcat initialized with port 8085 (http)
2026-07-08 19:01:36[main]INFO o.a.catalina.core.StandardService-Starting service [Tomcat]
2026-07-08 19:01:36[main]INFO o.a.catalina.core.StandardEngine-Starting Servlet engine: [Apache Tomcat/11.0.22]
2026-07-08 19:01:36[main]INFO o.s.b.w.c.s.WebApplicationContextInitializer-Root WebApplicationContext: initialization completed in 3454 ms
2026-07-08 19:01:36[main]INFO org.hibernate.orm.jpa-HHH008540: Processing PersistenceUnitInfo [name: default]
2026-07-08 19:01:37[main]INFO org.hibernate.orm.core-HHH000001: Hibernate ORM core version 7.4.1.Final
2026-07-08 19:01:38[main]INFO o.s.o.j.p.SpringPersistenceUnitInfo-No LoadTimeWeaver setup: ignoring JPA class transformer
2026-07-08 19:01:38[main]INFO com.zaxxer.hikari.HikariDataSource-HikariPool-1 - Starting...
2026-07-08 19:01:38[main]INFO com.zaxxer.hikari.pool.HikariPool-HikariPool-1 - Added connection oracle.jdbc.driver.T4CConnection@1b6683c4
2026-07-08 19:01:38[main]INFO com.zaxxer.hikari.HikariDataSource-HikariPool-1 - Start completed.
2026-07-08 19:01:39[main]WARN org.hibernate.orm.core-HHH000511: The 10.2.0 version for [org.hibernate.dialect.OracleDialect] is no longer supported, hence certain features may not work properly.The minimum supported version is 19.0.0. Check the community dialects project for available legacy versions.
2026-07-08 19:01:39[main]WARN org.hibernate.orm.deprecation-HHH90000025: OracleDialect does not need to be specified explicitly using 'hibernate.dialect' (remove the property setting and it will be selected by default)
2026-07-08 19:01:39[main]WARN org.hibernate.orm.jdbc-HHH100123: Low default JDBC fetch size: 10 (consider setting 'hibernate.jdbc.fetch_size')
2026-07-08 19:01:39[main]INFO o.hibernate.orm.connections.pooling-HHH10001005: Database info:
	Database JDBC URL [jdbc:oracle:thin:@localhost:1521:XE]
	Database driver: Oracle JDBC driver
	Database dialect: OracleDialect
	Database version: 10.2
	Default catalog/schema: undefined/SYSTEM
	Autocommit mode: undefined/unknown
	Isolation level: READ_COMMITTED [default READ_COMMITTED]
	JDBC fetch size: 10
	Pool: DataSourceConnectionProvider
	Minimum pool size: undefined/unknown
	Maximum pool size: undefined/unknown
2026-07-08 19:01:41[main]INFO org.hibernate.orm.core-HHH000489: No JTA platform available (set 'hibernate.transaction.jta.platform' to enable JTA platform integration)
2026-07-08 19:01:41[main]INFO o.s.o.j.LocalContainerEntityManagerFactoryBean-Initialized JPA EntityManagerFactory for persistence unit 'default'
2026-07-08 19:01:41[main]INFO o.s.d.j.r.q.QueryEnhancerFactories-Hibernate is in classpath; If applicable, HQL parser will be used.
2026-07-08 19:01:42[main]WARN o.s.b.j.a.JpaBaseConfiguration$JpaWebConfiguration-spring.jpa.open-in-view is enabled by default. Therefore, database queries may be performed during view rendering. Explicitly configure spring.jpa.open-in-view to disable this warning
2026-07-08 19:01:43[main]INFO o.s.b.a.e.web.EndpointLinksResolver-Exposing 12 endpoints beneath base path '/actuator'
2026-07-08 19:01:43[main]INFO o.s.boot.tomcat.TomcatWebServer-Tomcat started on port 8085 (http) with context path '/'
2026-07-08 19:01:43[main]INFO c.s.d.SpringbootRestApiEmployeeProjectApplication-Started SpringbootRestApiEmployeeProjectApplication in 11.779 seconds (process running for 12.614)
2026-07-08 19:01:44[RMI TCP Connection(10)-127.0.0.1]INFO o.a.c.c.C.[Tomcat].[localhost].[/]-Initializing Spring DispatcherServlet 'dispatcherServlet'
2026-07-08 19:01:44[RMI TCP Connection(10)-127.0.0.1]INFO o.s.web.servlet.DispatcherServlet-Initializing Servlet 'dispatcherServlet'
2026-07-08 19:01:44[RMI TCP Connection(10)-127.0.0.1]INFO o.s.web.servlet.DispatcherServlet-Completed initialization in 4 ms
2026-07-08 19:09:41[RMI TCP Connection(20)-127.0.0.1]INFO o.s.b.a.SpringApplicationAdminMXBeanRegistrar$SpringApplicationAdmin-Application shutdown requested.
2026-07-08 19:09:41[RMI TCP Connection(20)-127.0.0.1]INFO o.s.boot.tomcat.GracefulShutdown-Commencing graceful shutdown. Waiting for active requests to complete
2026-07-08 19:09:41[tomcat-shutdown]INFO o.s.boot.tomcat.GracefulShutdown-Graceful shutdown complete
2026-07-08 19:09:41[RMI TCP Connection(20)-127.0.0.1]INFO o.s.o.j.LocalContainerEntityManagerFactoryBean-Closing JPA EntityManagerFactory for persistence unit 'default'
2026-07-08 19:09:41[RMI TCP Connection(20)-127.0.0.1]INFO com.zaxxer.hikari.HikariDataSource-HikariPool-1 - Shutdown initiated...
2026-07-08 19:09:41[RMI TCP Connection(20)-127.0.0.1]INFO com.zaxxer.hikari.HikariDataSource-HikariPool-1 - Shutdown completed.
2026-07-08 19:09:52[main]INFO c.s.d.SpringbootRestApiEmployeeProjectApplication-Starting SpringbootRestApiEmployeeProjectApplication using Java 21.0.10 with PID 37224 (D:\DXC Training 2026\workspace\SpringBoot\springboot-rest-api-employee-project\target\classes started by Sujata in D:\DXC Training 2026\workspace\SpringBoot\springboot-rest-api-employee-project)
2026-07-08 19:09:52[main]INFO c.s.d.SpringbootRestApiEmployeeProjectApplication-No active profile set, falling back to 1 default profile: "default"
2026-07-08 19:09:53[main]INFO o.s.d.r.c.RepositoryConfigurationDelegate-Bootstrapping Spring Data JPA repositories in DEFAULT mode.
2026-07-08 19:09:53[main]INFO o.s.d.r.c.RepositoryConfigurationDelegate-Finished Spring Data repository scanning in 64 ms. Found 1 JPA repository interface.
2026-07-08 19:09:54[main]INFO o.s.boot.tomcat.TomcatWebServer-Tomcat initialized with port 8085 (http)
2026-07-08 19:09:54[main]INFO o.a.catalina.core.StandardService-Starting service [Tomcat]
2026-07-08 19:09:54[main]INFO o.a.catalina.core.StandardEngine-Starting Servlet engine: [Apache Tomcat/11.0.22]
2026-07-08 19:09:54[main]INFO o.s.b.w.c.s.WebApplicationContextInitializer-Root WebApplicationContext: initialization completed in 2600 ms
2026-07-08 19:09:55[main]INFO org.hibernate.orm.jpa-HHH008540: Processing PersistenceUnitInfo [name: default]
2026-07-08 19:09:55[main]INFO org.hibernate.orm.core-HHH000001: Hibernate ORM core version 7.4.1.Final
2026-07-08 19:09:56[main]INFO o.s.o.j.p.SpringPersistenceUnitInfo-No LoadTimeWeaver setup: ignoring JPA class transformer
2026-07-08 19:09:56[main]INFO com.zaxxer.hikari.HikariDataSource-HikariPool-1 - Starting...
2026-07-08 19:09:56[main]INFO com.zaxxer.hikari.pool.HikariPool-HikariPool-1 - Added connection oracle.jdbc.driver.T4CConnection@4af44f2a
2026-07-08 19:09:56[main]INFO com.zaxxer.hikari.HikariDataSource-HikariPool-1 - Start completed.
2026-07-08 19:09:56[main]WARN org.hibernate.orm.core-HHH000511: The 10.2.0 version for [org.hibernate.dialect.OracleDialect] is no longer supported, hence certain features may not work properly.The minimum supported version is 19.0.0. Check the community dialects project for available legacy versions.
2026-07-08 19:09:56[main]WARN org.hibernate.orm.deprecation-HHH90000025: OracleDialect does not need to be specified explicitly using 'hibernate.dialect' (remove the property setting and it will be selected by default)
2026-07-08 19:09:56[main]WARN org.hibernate.orm.jdbc-HHH100123: Low default JDBC fetch size: 10 (consider setting 'hibernate.jdbc.fetch_size')
2026-07-08 19:09:56[main]INFO o.hibernate.orm.connections.pooling-HHH10001005: Database info:
	Database JDBC URL [jdbc:oracle:thin:@localhost:1521:XE]
	Database driver: Oracle JDBC driver
	Database dialect: OracleDialect
	Database version: 10.2
	Default catalog/schema: undefined/SYSTEM
	Autocommit mode: undefined/unknown
	Isolation level: READ_COMMITTED [default READ_COMMITTED]
	JDBC fetch size: 10
	Pool: DataSourceConnectionProvider
	Minimum pool size: undefined/unknown
	Maximum pool size: undefined/unknown
2026-07-08 19:09:58[main]INFO org.hibernate.orm.core-HHH000489: No JTA platform available (set 'hibernate.transaction.jta.platform' to enable JTA platform integration)
2026-07-08 19:09:58[main]INFO o.s.o.j.LocalContainerEntityManagerFactoryBean-Initialized JPA EntityManagerFactory for persistence unit 'default'
2026-07-08 19:09:58[main]INFO o.s.d.j.r.q.QueryEnhancerFactories-Hibernate is in classpath; If applicable, HQL parser will be used.
2026-07-08 19:09:59[main]WARN o.s.b.j.a.JpaBaseConfiguration$JpaWebConfiguration-spring.jpa.open-in-view is enabled by default. Therefore, database queries may be performed during view rendering. Explicitly configure spring.jpa.open-in-view to disable this warning
2026-07-08 19:10:00[main]INFO o.s.b.a.e.web.EndpointLinksResolver-Exposing 12 endpoints beneath base path '/actuator'
2026-07-08 19:10:00[main]INFO o.s.boot.tomcat.TomcatWebServer-Tomcat started on port 8085 (http) with context path '/'
2026-07-08 19:10:00[main]INFO c.s.d.SpringbootRestApiEmployeeProjectApplication-Started SpringbootRestApiEmployeeProjectApplication in 9.106 seconds (process running for 10.471)
2026-07-08 19:10:00[RMI TCP Connection(10)-127.0.0.1]INFO o.a.c.c.C.[Tomcat].[localhost].[/]-Initializing Spring DispatcherServlet 'dispatcherServlet'
2026-07-08 19:10:00[RMI TCP Connection(10)-127.0.0.1]INFO o.s.web.servlet.DispatcherServlet-Initializing Servlet 'dispatcherServlet'
2026-07-08 19:10:00[RMI TCP Connection(10)-127.0.0.1]INFO o.s.web.servlet.DispatcherServlet-Completed initialization in 4 ms
2026-07-08 19:14:30[RMI TCP Connection(16)-127.0.0.1]INFO o.s.b.a.SpringApplicationAdminMXBeanRegistrar$SpringApplicationAdmin-Application shutdown requested.
2026-07-08 19:14:30[RMI TCP Connection(16)-127.0.0.1]INFO o.s.boot.tomcat.GracefulShutdown-Commencing graceful shutdown. Waiting for active requests to complete
2026-07-08 19:14:30[tomcat-shutdown]INFO o.s.boot.tomcat.GracefulShutdown-Graceful shutdown complete
2026-07-08 19:14:30[RMI TCP Connection(16)-127.0.0.1]INFO o.s.o.j.LocalContainerEntityManagerFactoryBean-Closing JPA EntityManagerFactory for persistence unit 'default'
2026-07-08 19:14:30[RMI TCP Connection(16)-127.0.0.1]INFO com.zaxxer.hikari.HikariDataSource-HikariPool-1 - Shutdown initiated...
2026-07-08 19:14:30[RMI TCP Connection(16)-127.0.0.1]INFO com.zaxxer.hikari.HikariDataSource-HikariPool-1 - Shutdown completed.
2026-07-08 19:20:21[main]INFO c.s.d.SpringbootRestApiEmployeeProjectApplication-Starting SpringbootRestApiEmployeeProjectApplication using Java 21.0.10 with PID 40592 (D:\DXC Training 2026\workspace\SpringBoot\springboot-rest-api-employee-project\target\classes started by Sujata in D:\DXC Training 2026\workspace\SpringBoot\springboot-rest-api-employee-project)
2026-07-08 19:20:21[main]INFO c.s.d.SpringbootRestApiEmployeeProjectApplication-No active profile set, falling back to 1 default profile: "default"
2026-07-08 19:20:22[main]INFO o.s.d.r.c.RepositoryConfigurationDelegate-Bootstrapping Spring Data JPA repositories in DEFAULT mode.
2026-07-08 19:20:22[main]INFO o.s.d.r.c.RepositoryConfigurationDelegate-Finished Spring Data repository scanning in 50 ms. Found 1 JPA repository interface.
2026-07-08 19:20:24[main]INFO o.s.boot.tomcat.TomcatWebServer-Tomcat initialized with port 8085 (http)
2026-07-08 19:20:24[main]INFO o.a.catalina.core.StandardService-Starting service [Tomcat]
2026-07-08 19:20:24[main]INFO o.a.catalina.core.StandardEngine-Starting Servlet engine: [Apache Tomcat/11.0.22]
2026-07-08 19:20:24[main]INFO o.s.b.w.c.s.WebApplicationContextInitializer-Root WebApplicationContext: initialization completed in 2566 ms
2026-07-08 19:20:24[main]INFO org.hibernate.orm.jpa-HHH008540: Processing PersistenceUnitInfo [name: default]
2026-07-08 19:20:24[main]INFO org.hibernate.orm.core-HHH000001: Hibernate ORM core version 7.4.1.Final
2026-07-08 19:20:25[main]INFO o.s.o.j.p.SpringPersistenceUnitInfo-No LoadTimeWeaver setup: ignoring JPA class transformer
2026-07-08 19:20:25[main]INFO com.zaxxer.hikari.HikariDataSource-HikariPool-1 - Starting...
2026-07-08 19:20:26[main]INFO com.zaxxer.hikari.pool.HikariPool-HikariPool-1 - Added connection oracle.jdbc.driver.T4CConnection@3ba8ef4e
2026-07-08 19:20:26[main]INFO com.zaxxer.hikari.HikariDataSource-HikariPool-1 - Start completed.
2026-07-08 19:20:26[main]WARN org.hibernate.orm.core-HHH000511: The 10.2.0 version for [org.hibernate.dialect.OracleDialect] is no longer supported, hence certain features may not work properly.The minimum supported version is 19.0.0. Check the community dialects project for available legacy versions.
2026-07-08 19:20:26[main]WARN org.hibernate.orm.deprecation-HHH90000025: OracleDialect does not need to be specified explicitly using 'hibernate.dialect' (remove the property setting and it will be selected by default)
2026-07-08 19:20:26[main]WARN org.hibernate.orm.jdbc-HHH100123: Low default JDBC fetch size: 10 (consider setting 'hibernate.jdbc.fetch_size')
2026-07-08 19:20:26[main]INFO o.hibernate.orm.connections.pooling-HHH10001005: Database info:
	Database JDBC URL [jdbc:oracle:thin:@localhost:1521:XE]
	Database driver: Oracle JDBC driver
	Database dialect: OracleDialect
	Database version: 10.2
	Default catalog/schema: undefined/SYSTEM
	Autocommit mode: undefined/unknown
	Isolation level: READ_COMMITTED [default READ_COMMITTED]
	JDBC fetch size: 10
	Pool: DataSourceConnectionProvider
	Minimum pool size: undefined/unknown
	Maximum pool size: undefined/unknown
2026-07-08 19:20:27[main]INFO org.hibernate.orm.core-HHH000489: No JTA platform available (set 'hibernate.transaction.jta.platform' to enable JTA platform integration)
2026-07-08 19:20:28[main]INFO o.s.o.j.LocalContainerEntityManagerFactoryBean-Initialized JPA EntityManagerFactory for persistence unit 'default'
2026-07-08 19:20:28[main]INFO o.s.d.j.r.q.QueryEnhancerFactories-Hibernate is in classpath; If applicable, HQL parser will be used.
2026-07-08 19:20:30[main]WARN o.s.b.j.a.JpaBaseConfiguration$JpaWebConfiguration-spring.jpa.open-in-view is enabled by default. Therefore, database queries may be performed during view rendering. Explicitly configure spring.jpa.open-in-view to disable this warning
2026-07-08 19:20:31[main]INFO o.s.b.a.e.web.EndpointLinksResolver-Exposing 12 endpoints beneath base path '/actuator'
2026-07-08 19:20:32[main]INFO o.s.boot.tomcat.TomcatWebServer-Tomcat started on port 8085 (http) with context path '/'
2026-07-08 19:20:32[main]INFO c.s.d.SpringbootRestApiEmployeeProjectApplication-Started SpringbootRestApiEmployeeProjectApplication in 11.335 seconds (process running for 12.211)
2026-07-08 19:20:33[RMI TCP Connection(9)-127.0.0.1]INFO o.a.c.c.C.[Tomcat].[localhost].[/]-Initializing Spring DispatcherServlet 'dispatcherServlet'
2026-07-08 19:20:33[RMI TCP Connection(9)-127.0.0.1]INFO o.s.web.servlet.DispatcherServlet-Initializing Servlet 'dispatcherServlet'
2026-07-08 19:20:33[RMI TCP Connection(9)-127.0.0.1]INFO o.s.web.servlet.DispatcherServlet-Completed initialization in 3 ms
